[0.000000] (-) TimerEvent: {}
[0.000000] (go_to_goal) JobQueued: {'identifier': 'go_to_goal', 'dependencies': OrderedDict()}
[0.000000] (go_to_goal) JobStarted: {'identifier': 'go_to_goal'}
[0.109000] (-) TimerEvent: {}
[0.234000] (-) TimerEvent: {}
[0.343000] (-) TimerEvent: {}
[0.453000] (-) TimerEvent: {}
[0.562000] (-) TimerEvent: {}
[0.671000] (-) TimerEvent: {}
[0.781000] (-) TimerEvent: {}
[0.890000] (-) TimerEvent: {}
[1.000000] (-) TimerEvent: {}
[1.109000] (-) TimerEvent: {}
[1.234000] (-) TimerEvent: {}
[1.343000] (-) TimerEvent: {}
[1.468000] (-) TimerEvent: {}
[1.578000] (-) TimerEvent: {}
[1.703000] (-) TimerEvent: {}
[1.812000] (-) TimerEvent: {}
[1.921000] (-) TimerEvent: {}
[2.031000] (-) TimerEvent: {}
[2.156000] (-) TimerEvent: {}
[2.265000] (-) TimerEvent: {}
[2.375000] (-) TimerEvent: {}
[2.484000] (-) TimerEvent: {}
[2.593000] (-) TimerEvent: {}
[2.718000] (-) TimerEvent: {}
[2.828000] (-) TimerEvent: {}
[2.937000] (-) TimerEvent: {}
[3.062000] (-) TimerEvent: {}
[3.125000] (go_to_goal) Command: {'cmd': ['D:\\ros\\Turtle\\.pixi\\envs\\default\\python.exe', '-W', 'ignore:setup.py install is deprecated', '-W', 'ignore:easy_install command is deprecated', 'setup.py', 'egg_info', '--egg-base', '..\\build\\go_to_goal', 'build', '--build-base', 'D:\\ros\\Turtle\\build\\go_to_goal\\build', 'install', '--record', 'D:\\ros\\Turtle\\build\\go_to_goal\\install.log', '--single-version-externally-managed', 'install_data'], 'cwd': 'D:\\ros\\Turtle\\go_to_goal', 'env': {'CMAKE_GENERATOR_TOOLSET': 'v143', 'XML_CATALOG_FILES': 'file:///D:/ros/Turtle/.pixi/envs/default/etc/xml/catalog', 'OS': 'Windows_NT', 'TMP': 'C:\\Users\\ammar\\AppData\\Local\\Temp', 'CMAKE_GENERATOR_PLATFORM': 'x64', 'PSModulePath': 'C:\\Users\\ammar\\OneDrive\\المستندات\\WindowsPowerShell\\Modules;C:\\Program Files\\WindowsPowerShell\\Modules;C:\\WINDOWS\\system32\\WindowsPowerShell\\v1.0\\Modules;C:\\Program Files (x86)\\Microsoft SQL Server\\120\\Tools\\PowerShell\\Modules\\', 'PYTHON_BASIC_REPL': '1', 'VS_MAJOR': '17', 'NEWER_VS_WITH_OLDER_VC': '0', 'AMENT_PREFIX_PATH': 'D:\\ros\\Turtle\\install\\turtlesim;D:\\ros\\Turtle\\.pixi\\envs\\default\\Library', 'ACSvcPort': '17532', 'PYDEVD_DISABLE_FILE_VALIDATION': '1', 'ProgramData': 'C:\\ProgramData', 'VSINSTALLDIR': 'C:\\Program Files (x86)\\Microsoft Visual Studio\\2022\\Enterprise\\', 'OneDriveConsumer': 'C:\\Users\\ammar\\OneDrive', 'MESON_ARGS': '-Dbuildtype=release', 'CUDA_CACHE_MAXSIZE': '268435456', 'QT_PLUGIN_PATH': 'D:\\ros\\Turtle\\.pixi\\envs\\default\\Library\\plugins', 'SSL_CERT_DIR': 'D:\\ros\\Turtle\\.pixi\\envs\\default\\Library\\ssl\\certs', 'FFLAGS': '-D_CRT_SECURE_NO_WARNINGS -fms-runtime-lib=dll -fuse-ld=lld -ID:\\ros\\Turtle\\.pixi\\envs\\default\\Library\\include', 'INCLUDE': 'D:\\ros\\Turtle\\.pixi\\envs\\default\\Library\\include;', 'Simatic_OAM': 'C:\\Program Files\\Common Files\\Siemens\\Automation\\Simatic OAM', 'CC': 'cl.exe', 'FC': 'flang-new', 'EFC_14464_4126798990': '1', 'AutInstLog': 'C:\\ProgramData\\Siemens\\Automation\\Logfiles\\Setup\\', 'GEM_HOME': 'D:\\ros\\Turtle\\.pixi\\envs\\default\\share\\rubygems', 'OGRE2_RESOURCE_PATH': 'D:\\ros\\Turtle\\.pixi\\envs\\default\\Library\\bin\\OGRE-Next', 'ProgramFiles(x86)': 'C:\\Program Files (x86)', 'LDFLAGS': ' -Wl,-defaultlib:D:/ros/Turtle/.pixi/envs/default/lib/clang/19/lib/windows/clang_rt.builtins-x86_64.lib', 'ROS_AUTOMATIC_DISCOVERY_RANGE': 'SUBNET', 'VSCODE_INJECTION': '1', 'ProgramW6432': 'C:\\Program Files', 'PIXI_ENVIRONMENT_NAME': 'default', 'SSL_CERT_FILE': 'D:\\ros\\Turtle\\.pixi\\envs\\default\\Library\\ssl\\cacert.pem', 'LD': 'lld-link.exe', 'TERM_PROGRAM': 'vscode', 'PROCESSOR_LEVEL': '25', 'BUNDLED_DEBUGPY_PATH': 'c:\\Users\\ammar\\.vscode\\extensions\\ms-python.debugpy-2026.6.0-win32-x64\\bundled\\libs\\debugpy', '__CONDA_OPENSSL_CERT_DIR_SET': '1', 'PKG_CONFIG_PATH': 'D:\\ros\\Turtle\\.pixi\\envs\\default\\Library\\lib\\pkgconfig;', 'NUMBER_OF_PROCESSORS': '16', 'SESSIONNAME': 'Console', 'VRAY5_FOR_3DSMAX2023_MAIN': 'C:\\ProgramData\\Autodesk\\ApplicationPlugins\\VRay3dsMax2023/bin', 'MSSdk': '1', 'CONDA_SHLVL': '1', 'USERPROFILE': 'C:\\Users\\ammar', 'PYTHONSTARTUP': 'c:\\Users\\ammar\\AppData\\Roaming\\Code\\User\\workspaceStorage\\0bd7cad7f0dcea8ac031c462ec8f0986\\ms-python.python\\pythonrc.py', 'CMAKE_PLAT': 'x64', 'USERDOMAIN_ROAMINGPROFILE': 'AMMAR', 'TERM_PROGRAM_VERSION': '1.137.0', 'AR': 'llvm-ar.exe', 'Simatic_OAM_DATA': 'C:\\ProgramData\\Siemens\\Automation\\Simatic OAM', 'CommonProgramFiles(x86)': 'C:\\Program Files (x86)\\Common Files', 'VS_VERSION': '17.0', 'PIXI_IN_SHELL': '1', 'CONDA_PREFIX': 'D:\\ros\\Turtle\\.pixi\\envs\\default', 'VRAY5_FOR_3DSMAX2023_PLUGINS': 'C:\\ProgramData\\Autodesk\\ApplicationPlugins\\VRay3dsMax2023/bin/plugins', 'COMPUTERNAME': 'AMMAR', 'VSCODE_PYTHON_AUTOACTIVATE_GUARD': '1', 'CMAKE_PREFIX_PATH': 'D:\\ros\\Turtle\\.pixi\\envs\\default\\Library;', 'ROS_PYTHON_VERSION': '3', 'PIXI_EXE': 'C:\\Users\\ammar\\AppData\\Local\\pixi\\bin\\pixi.exe', 'HOMEDRIVE': 'C:', 'PIXI_PROMPT': '(Turtle)', 'CMAKE_GENERATOR': 'Visual Studio 17 2022', 'PROCESSOR_ARCHITECTURE': 'AMD64', 'CHROME_CRASHPAD_PIPE_NAME': '\\\\.\\pipe\\crashpad_12324_XMVSJRTZJRQFEDLU', 'LIB': 'D:\\ros\\Turtle\\.pixi\\envs\\default\\Library\\lib;', 'VSCODE_DEBUGPY_ADAPTER_ENDPOINTS': 'c:\\Users\\ammar\\.vscode\\extensions\\ms-python.debugpy-2026.6.0-win32-x64\\.noConfigDebugAdapterEndpoints\\endpoint-0c3f5c30ca017143.txt', 'LANG': 'en_US.UTF-8', 'PUBLIC': 'C:\\Users\\Public', 'MSYS2_ARG_CONV_EXCL': '/AI;/AL;/OUT;/out', 'ament_python_executable': 'D:\\ros\\Turtle\\.pixi\\envs\\default\\python.exe', 'SDF_PATH': 'D:\\ros\\Turtle\\.pixi\\envs\\default\\Library\\share\\sdformat13\\1.10', 'windir': 'C:\\WINDOWS', 'COLCON': '1', 'USE_NEW_CMAKE_GEN_SYNTAX': '1', 'PROJ_DATA': 'D:\\ros\\Turtle\\.pixi\\envs\\default\\Library\\share\\proj', 'ROS_VERSION': '2', 'PROCESSOR_IDENTIFIER': 'AMD64 Family 25 Model 68 Stepping 1, AuthenticAMD', 'PIXI_PROJECT_VERSION': '0.1.0', 'VBOX_HWVIRTEX_IGNORE_SVM_IN_USE': '1', 'APPDATA': 'C:\\Users\\ammar\\AppData\\Roaming', 'HOMEPATH': '\\Users\\ammar', 'Path': 'D:\\ros\\Turtle\\.pixi\\envs\\default;D:\\ros\\Turtle\\.pixi\\envs\\default\\Library\\bin;D:\\ros\\Turtle\\.pixi\\envs\\default\\Scripts;D:\\ros\\Turtle\\.pixi\\envs\\default\\bin;D:\\ros\\Turtle\\.pixi\\envs\\default\\share\\rubygems\\bin;D:\\ros\\Turtle\\.pixi\\envs\\default\\Library\\opt/rviz_ogre_vendor/lib;D:\\ros\\Turtle\\.pixi\\envs\\default\\Library\\opt/rviz_ogre_vendor/bin;D:\\ros\\Turtle\\.pixi\\envs\\default\\Library\\bin;D:\\ros\\Turtle\\.pixi\\envs\\default;D:\\ros\\Turtle\\.pixi\\envs\\default\\Library/mingw-w64/bin;D:\\ros\\Turtle\\.pixi\\envs\\default\\Library/usr/bin;D:\\ros\\Turtle\\.pixi\\envs\\default\\Library/bin;D:\\ros\\Turtle\\.pixi\\envs\\default\\Scripts;D:\\ros\\Turtle\\.pixi\\envs\\default\\bin;C:\\Program Files (x86)\\Common Files\\Siemens\\ACE\\Bin;C:\\Program Files\\Common Files\\Siemens\\Automation\\Simatic OAM\\bin;C:\\Program Files\\Python312\\Scripts\\;C:\\Program Files\\Python312\\;C:\\WINDOWS\\system32;C:\\WINDOWS;C:\\WINDOWS\\System32\\Wbem;C:\\WINDOWS\\System32\\WindowsPowerShell\\v1.0\\;C:\\WINDOWS\\System32\\OpenSSH\\;C:\\Program Files (x86)\\NVIDIA Corporation\\PhysX\\Common;C:\\Program Files\\NVIDIA Corporation\\NVIDIA NvDLISR;C:\\Program Files\\dotnet\\;C:\\Program Files\\Common Files\\Autodesk Shared\\;C:\\Program Files (x86)\\Microsoft SQL Server\\Client SDK\\ODBC\\110\\Tools\\Binn\\;C:\\Program Files (x86)\\Microsoft SQL Server\\120\\Tools\\Binn\\;C:\\Program Files (x86)\\Microsoft SQL Server\\120\\DTS\\Binn\\;C:\\Users\\ammar\\AppData\\Local\\Microsoft\\WindowsApps;C:\\Users\\ammar\\AppData\\Local\\Programs\\Microsoft VS Code\\bin;C:\\Users\\ammar\\AppData\\Local\\pixi\\bin\\;C:\\Users\\ammar\\.pixi\\bin;c:\\Users\\ammar\\.vscode\\extensions\\ms-python.debugpy-2026.6.0-win32-x64\\bundled\\scripts\\noConfigScripts', 'SystemDrive': 'C:', 'CONDA_DEFAULT_ENV': 'Turtle', 'PATHEXT': '.COM;.EXE;.BAT;.CMD;.VBS;.VBE;.JS;.JSE;.WSF;.WSH;.MSC;.PY;.PYW;.CPL', 'LOCALAPPDATA': 'C:\\Users\\ammar\\AppData\\Local', 'VRAY_FOR_3DSMAX2023_PLUGINS': 'C:\\ProgramData\\Autodesk\\ApplicationPlugins\\VRay3dsMax2023/bin/plugins', 'CMAKE_GEN': 'Visual Studio 17 2022', '__CONDA_OPENSSL_CERT_FILE_SET': '1', 'PY_VCRUNTIME_REDIST': '\\bin\\vcruntime140.dll', 'VCVARSBAT': '64', 'ROS_OS_OVERRIDE': 'conda:win64', 'PYTHONPATH': 'D:\\ros\\Turtle\\build\\go_to_goal\\prefix_override;D:\\ros\\Turtle\\.pixi\\envs\\default\\Lib\\site-packages\\colcon_core\\task\\python\\colcon_distutils_commands;D:\\ros\\Turtle\\install\\go_to_goal\\Lib\\site-packages;D:\\ros\\Turtle\\install\\turtlesim\\Lib\\site-packages;D:\\ros\\Turtle\\.pixi\\envs\\default\\Lib\\site-packages;D:\\ros\\Turtle\\.pixi\\envs\\default\\Library\\lib/site-packages;D:\\ros\\Turtle\\.pixi\\envs\\default\\Library\\..\\Lib\\site-packages', 'COLCON_CURRENT_PREFIX': 'D:\\ros\\Turtle\\install', 'EFC_14464_2946480783': '1', 'GDAL_DRIVER_PATH': 'D:\\ros\\Turtle\\.pixi\\envs\\default\\Library\\lib\\gdalplugins', 'OneDrive': 'C:\\Users\\ammar\\OneDrive', 'PIXI_PROJECT_ROOT': 'D:\\ros\\Turtle', 'VS_YEAR': '2022', 'USERNAME': 'ammar', 'CMAKE_ARGS': '-DCMAKE_BUILD_TYPE=Release', 'TEMP': 'C:\\Users\\ammar\\AppData\\Local\\Temp', 'ADSK_3DSMAX_x64_2023': 'C:\\Program Files\\Autodesk\\3ds Max 2023\\', 'ProgramFiles': 'C:\\Program Files', 'DriverData': 'C:\\Windows\\System32\\Drivers\\DriverData', 'LOGONSERVER': '\\\\AMMAR', 'PROCESSOR_REVISION': '4401', 'PIXI_ENVIRONMENT_PLATFORMS': 'osx-64,osx-arm64,linux-aarch64,linux-64,win-64', 'COLORTERM': 'truecolor', 'DISTUTILS_USE_SDK': '1', 'ROS_DISTRO': 'jazzy', 'USERDOMAIN': 'AMMAR', 'CommonProgramW6432': 'C:\\Program Files\\Common Files', 'VRAY_SEND_FEEDBACK': '1', 'CONDA_BUILD_CROSS_COMPILATION': '0', 'ALLUSERSPROFILE': 'C:\\ProgramData', 'ROS_ETC_DIR': 'D:\\ros\\Turtle\\.pixi\\envs\\default\\Library\\etc\\ros', 'GDAL_DATA': 'D:\\ros\\Turtle\\.pixi\\envs\\default\\Library\\share\\gdal', 'CommonProgramFiles': 'C:\\Program Files\\Common Files', 'VRAY_MDL_PATH_3DSMAX2023': 'C:\\Program Files\\Chaos Group\\V-Ray\\3ds Max 2023\\mdl', 'PIXI_PROJECT_MANIFEST': 'D:\\ros\\Turtle\\pixi.toml', 'OGRE_RESOURCE_PATH': 'D:\\ros\\Turtle\\.pixi\\envs\\default\\Library\\bin', 'MSYS2_ENV_CONV_EXCL': 'CL', 'ComSpec': 'C:\\WINDOWS\\system32\\cmd.exe', 'CXX': 'cl.exe', 'SystemRoot': 'C:\\WINDOWS', 'PROJ_NETWORK': 'ON', 'EFC_14464_1592913036': '1', 'VRAY_OSL_PATH_3DSMAX2023': 'C:\\ProgramData\\Autodesk\\ApplicationPlugins\\VRay3dsMax2023\\opensl', 'RlsSvcPort': '22112', 'PIXI_PROJECT_NAME': 'Turtle'}, 'shell': False}
[3.171000] (-) TimerEvent: {}
[3.281000] (-) TimerEvent: {}
[3.390000] (-) TimerEvent: {}
[3.500000] (-) TimerEvent: {}
[3.609000] (-) TimerEvent: {}
[3.734000] (-) TimerEvent: {}
[3.734000] (go_to_goal) StdoutLine: {'line': b'running egg_info\r\n'}
[3.765000] (go_to_goal) StdoutLine: {'line': b'creating ..\\build\\go_to_goal\\go_to_goal.egg-info\r\n'}
[3.765000] (go_to_goal) StdoutLine: {'line': b'writing ..\\build\\go_to_goal\\go_to_goal.egg-info\\PKG-INFO\r\n'}
[3.765000] (go_to_goal) StdoutLine: {'line': b'writing dependency_links to ..\\build\\go_to_goal\\go_to_goal.egg-info\\dependency_links.txt\r\n'}
[3.765000] (go_to_goal) StdoutLine: {'line': b'writing entry points to ..\\build\\go_to_goal\\go_to_goal.egg-info\\entry_points.txt\r\n'}
[3.765000] (go_to_goal) StdoutLine: {'line': b'writing requirements to ..\\build\\go_to_goal\\go_to_goal.egg-info\\requires.txt\r\n'}
[3.765000] (go_to_goal) StdoutLine: {'line': b'writing top-level names to ..\\build\\go_to_goal\\go_to_goal.egg-info\\top_level.txt\r\n'}
[3.765000] (go_to_goal) StdoutLine: {'line': b"writing manifest file '..\\build\\go_to_goal\\go_to_goal.egg-info\\SOURCES.txt'\r\n"}
[3.843000] (-) TimerEvent: {}
[3.859000] (go_to_goal) StdoutLine: {'line': b"reading manifest file '..\\build\\go_to_goal\\go_to_goal.egg-info\\SOURCES.txt'\r\n"}
[3.859000] (go_to_goal) StdoutLine: {'line': b"writing manifest file '..\\build\\go_to_goal\\go_to_goal.egg-info\\SOURCES.txt'\r\n"}
[3.859000] (go_to_goal) StdoutLine: {'line': b'running build\r\n'}
[3.859000] (go_to_goal) StdoutLine: {'line': b'running build_py\r\n'}
[3.859000] (go_to_goal) StdoutLine: {'line': b'creating D:\\ros\\Turtle\\build\\go_to_goal\\build\\lib\\go_to_goal\r\n'}
[3.859000] (go_to_goal) StdoutLine: {'line': b'copying go_to_goal\\move.py -> D:\\ros\\Turtle\\build\\go_to_goal\\build\\lib\\go_to_goal\r\n'}
[3.859000] (go_to_goal) StdoutLine: {'line': b'copying go_to_goal\\__init__.py -> D:\\ros\\Turtle\\build\\go_to_goal\\build\\lib\\go_to_goal\r\n'}
[3.859000] (go_to_goal) StdoutLine: {'line': b'running install\r\n'}
[3.859000] (go_to_goal) StdoutLine: {'line': b'running install_lib\r\n'}
[3.890000] (go_to_goal) StdoutLine: {'line': b'creating D:\\ros\\Turtle\\install\\go_to_goal\\Lib\\site-packages\\go_to_goal\r\n'}
[3.890000] (go_to_goal) StdoutLine: {'line': b'copying D:\\ros\\Turtle\\build\\go_to_goal\\build\\lib\\go_to_goal\\move.py -> D:\\ros\\Turtle\\install\\go_to_goal\\Lib\\site-packages\\go_to_goal\r\n'}
[3.890000] (go_to_goal) StdoutLine: {'line': b'copying D:\\ros\\Turtle\\build\\go_to_goal\\build\\lib\\go_to_goal\\__init__.py -> D:\\ros\\Turtle\\install\\go_to_goal\\Lib\\site-packages\\go_to_goal\r\n'}
[3.906000] (go_to_goal) StdoutLine: {'line': b'byte-compiling D:\\ros\\Turtle\\install\\go_to_goal\\Lib\\site-packages\\go_to_goal\\move.py to move.cpython-312.pyc\r\n'}
[3.906000] (go_to_goal) StdoutLine: {'line': b'byte-compiling D:\\ros\\Turtle\\install\\go_to_goal\\Lib\\site-packages\\go_to_goal\\__init__.py to __init__.cpython-312.pyc\r\n'}
[3.906000] (go_to_goal) StdoutLine: {'line': b'running install_data\r\n'}
[3.906000] (go_to_goal) StdoutLine: {'line': b'creating D:\\ros\\Turtle\\install\\go_to_goal\\share\\ament_index\\resource_index\\packages\r\n'}
[3.906000] (go_to_goal) StderrLine: {'line': b"error: can't copy 'resource\\go_to_goal': doesn't exist or not a regular file\r\n"}
[3.937000] (go_to_goal) CommandEnded: {'returncode': 1}
[3.937000] (go_to_goal) JobEnded: {'identifier': 'go_to_goal', 'rc': 1}
[3.937000] (-) EventReactorShutdown: {}
