[3.125s] Invoking command in 'D:\ros\Turtle\go_to_goal': PIXI_PROMPT=(Turtle) PSModulePath=C:\Users\ammar\OneDrive\المستندات\WindowsPowerShell\Modules;C:\Program Files\WindowsPowerShell\Modules;C:\WINDOWS\system32\WindowsPowerShell\v1.0\Modules;C:\Program Files (x86)\Microsoft SQL Server\120\Tools\PowerShell\Modules\ PYTHONPATH=D:\ros\Turtle\build\go_to_goal\prefix_override;D:\ros\Turtle\.pixi\envs\default\Lib\site-packages\colcon_core\task\python\colcon_distutils_commands;D:\ros\Turtle\install\go_to_goal\Lib\site-packages;%PYTHONPATH% D:\ros\Turtle\.pixi\envs\default\python.exe -W ignore:setup.py install is deprecated -W ignore:easy_install command is deprecated setup.py egg_info --egg-base ..\build\go_to_goal build --build-base D:\ros\Turtle\build\go_to_goal\build install --record D:\ros\Turtle\build\go_to_goal\install.log --single-version-externally-managed install_data
[3.734s] running egg_info
[3.765s] creating ..\build\go_to_goal\go_to_goal.egg-info
[3.765s] writing ..\build\go_to_goal\go_to_goal.egg-info\PKG-INFO
[3.765s] writing dependency_links to ..\build\go_to_goal\go_to_goal.egg-info\dependency_links.txt
[3.765s] writing entry points to ..\build\go_to_goal\go_to_goal.egg-info\entry_points.txt
[3.765s] writing requirements to ..\build\go_to_goal\go_to_goal.egg-info\requires.txt
[3.765s] writing top-level names to ..\build\go_to_goal\go_to_goal.egg-info\top_level.txt
[3.765s] writing manifest file '..\build\go_to_goal\go_to_goal.egg-info\SOURCES.txt'
[3.859s] reading manifest file '..\build\go_to_goal\go_to_goal.egg-info\SOURCES.txt'
[3.859s] writing manifest file '..\build\go_to_goal\go_to_goal.egg-info\SOURCES.txt'
[3.859s] running build
[3.859s] running build_py
[3.859s] creating D:\ros\Turtle\build\go_to_goal\build\lib\go_to_goal
[3.859s] copying go_to_goal\move.py -> D:\ros\Turtle\build\go_to_goal\build\lib\go_to_goal
[3.859s] copying go_to_goal\__init__.py -> D:\ros\Turtle\build\go_to_goal\build\lib\go_to_goal
[3.859s] running install
[3.859s] running install_lib
[3.890s] creating D:\ros\Turtle\install\go_to_goal\Lib\site-packages\go_to_goal
[3.890s] copying D:\ros\Turtle\build\go_to_goal\build\lib\go_to_goal\move.py -> D:\ros\Turtle\install\go_to_goal\Lib\site-packages\go_to_goal
[3.890s] copying D:\ros\Turtle\build\go_to_goal\build\lib\go_to_goal\__init__.py -> D:\ros\Turtle\install\go_to_goal\Lib\site-packages\go_to_goal
[3.906s] byte-compiling D:\ros\Turtle\install\go_to_goal\Lib\site-packages\go_to_goal\move.py to move.cpython-312.pyc
[3.906s] byte-compiling D:\ros\Turtle\install\go_to_goal\Lib\site-packages\go_to_goal\__init__.py to __init__.cpython-312.pyc
[3.906s] running install_data
[3.906s] creating D:\ros\Turtle\install\go_to_goal\share\ament_index\resource_index\packages
[3.906s] error: can't copy 'resource\go_to_goal': doesn't exist or not a regular file
[3.937s] Invoked command in 'D:\ros\Turtle\go_to_goal' returned '1': PIXI_PROMPT=(Turtle) PSModulePath=C:\Users\ammar\OneDrive\المستندات\WindowsPowerShell\Modules;C:\Program Files\WindowsPowerShell\Modules;C:\WINDOWS\system32\WindowsPowerShell\v1.0\Modules;C:\Program Files (x86)\Microsoft SQL Server\120\Tools\PowerShell\Modules\ PYTHONPATH=D:\ros\Turtle\build\go_to_goal\prefix_override;D:\ros\Turtle\.pixi\envs\default\Lib\site-packages\colcon_core\task\python\colcon_distutils_commands;D:\ros\Turtle\install\go_to_goal\Lib\site-packages;%PYTHONPATH% D:\ros\Turtle\.pixi\envs\default\python.exe -W ignore:setup.py install is deprecated -W ignore:easy_install command is deprecated setup.py egg_info --egg-base ..\build\go_to_goal build --build-base D:\ros\Turtle\build\go_to_goal\build install --record D:\ros\Turtle\build\go_to_goal\install.log --single-version-externally-managed install_data
