[0.383s] [34mcolcon[0m [1;30mDEBUG[0m [32mCommand line arguments: ['D:\\ros\\Turtle\\.pixi\\envs\\default\\Scripts\\colcon', 'build'][0m
[0.383s] [34mcolcon[0m [1;30mDEBUG[0m [32mParsed command line arguments: Namespace(log_base=None, log_level=None, verb_name='build', build_base='build', install_base='install', merge_install=False, symlink_install=False, test_result_base=None, continue_on_error=False, executor='parallel', parallel_workers=16, event_handlers=None, ignore_user_meta=False, metas=['./colcon.meta'], base_paths=['.'], packages_ignore=None, packages_ignore_regex=None, paths=None, packages_up_to=None, packages_up_to_regex=None, packages_above=None, packages_above_and_dependencies=None, packages_above_depth=None, packages_select_by_dep=None, packages_skip_by_dep=None, packages_skip_up_to=None, packages_select_build_failed=False, packages_skip_build_finished=False, packages_select_test_failures=False, packages_skip_test_passed=False, packages_select=None, packages_skip=None, packages_select_regex=None, packages_skip_regex=None, packages_start=None, packages_end=None, cmake_args=None, cmake_target=None, cmake_target_skip_unavailable=False, cmake_clean_cache=False, cmake_clean_first=False, cmake_force_configure=False, ament_cmake_args=None, catkin_cmake_args=None, catkin_skip_building_tests=False, verb_parser=<colcon_defaults.argument_parser.defaults.DefaultArgumentsDecorator object at 0x00000200F1B39C70>, verb_extension=<colcon_core.verb.build.BuildVerb object at 0x00000200F19570E0>, main=<bound method BuildVerb.main of <colcon_core.verb.build.BuildVerb object at 0x00000200F19570E0>>)[0m
[0.468s] [34mcolcon.colcon_core.package_discovery[0m [1;30mLevel 1[0m discover_packages(colcon_meta) check parameters
[0.468s] [34mcolcon.colcon_core.package_discovery[0m [1;30mLevel 1[0m discover_packages(recursive) check parameters
[0.468s] [34mcolcon.colcon_core.package_discovery[0m [1;30mLevel 1[0m discover_packages(ignore) check parameters
[0.468s] [34mcolcon.colcon_core.package_discovery[0m [1;30mLevel 1[0m discover_packages(path) check parameters
[0.468s] [34mcolcon.colcon_core.package_discovery[0m [1;30mLevel 1[0m discover_packages(colcon_meta) discover
[0.468s] [34mcolcon.colcon_core.package_discovery[0m [1;30mLevel 1[0m discover_packages(recursive) discover
[0.468s] [34mcolcon.colcon_core.package_discovery[0m [1;30mINFO[0m Crawling recursively for packages in 'D:\ros\Turtle'
[0.470s] [34mcolcon.colcon_core.package_identification[0m [1;30mLevel 1[0m _identify(.) by extensions ['ignore', 'ignore_ament_install']
[0.470s] [34mcolcon.colcon_core.package_identification[0m [1;30mLevel 1[0m _identify(.) by extension 'ignore'
[0.470s] [34mcolcon.colcon_core.package_identification[0m [1;30mLevel 1[0m _identify(.) by extension 'ignore_ament_install'
[0.470s] [34mcolcon.colcon_core.package_identification[0m [1;30mLevel 1[0m _identify(.) by extensions ['colcon_pkg']
[0.470s] [34mcolcon.colcon_core.package_identification[0m [1;30mLevel 1[0m _identify(.) by extension 'colcon_pkg'
[0.470s] [34mcolcon.colcon_core.package_identification[0m [1;30mLevel 1[0m _identify(.) by extensions ['colcon_meta']
[0.470s] [34mcolcon.colcon_core.package_identification[0m [1;30mLevel 1[0m _identify(.) by extension 'colcon_meta'
[0.470s] [34mcolcon.colcon_core.package_identification[0m [1;30mLevel 1[0m _identify(.) by extensions ['ros']
[0.470s] [34mcolcon.colcon_core.package_identification[0m [1;30mLevel 1[0m _identify(.) by extension 'ros'
[0.519s] [34mcolcon.colcon_core.package_identification[0m [1;30mLevel 1[0m _identify(.) by extensions ['cmake', 'python']
[0.519s] [34mcolcon.colcon_core.package_identification[0m [1;30mLevel 1[0m _identify(.) by extension 'cmake'
[0.519s] [34mcolcon.colcon_core.package_identification[0m [1;30mLevel 1[0m _identify(.) by extension 'python'
[0.519s] [34mcolcon.colcon_core.package_identification[0m [1;30mLevel 1[0m _identify(.) by extensions ['python_setup_py']
[0.519s] [34mcolcon.colcon_core.package_identification[0m [1;30mLevel 1[0m _identify(.) by extension 'python_setup_py'
[0.520s] [34mcolcon.colcon_core.package_identification[0m [1;30mLevel 1[0m _identify(build) by extensions ['ignore', 'ignore_ament_install']
[0.520s] [34mcolcon.colcon_core.package_identification[0m [1;30mLevel 1[0m _identify(build) by extension 'ignore'
[0.520s] [34mcolcon.colcon_core.package_identification[0m [1;30mLevel 1[0m _identify(build) ignored
[0.520s] [34mcolcon.colcon_core.package_identification[0m [1;30mLevel 1[0m _identify(go_to_goal) by extensions ['ignore', 'ignore_ament_install']
[0.520s] [34mcolcon.colcon_core.package_identification[0m [1;30mLevel 1[0m _identify(go_to_goal) by extension 'ignore'
[0.520s] [34mcolcon.colcon_core.package_identification[0m [1;30mLevel 1[0m _identify(go_to_goal) by extension 'ignore_ament_install'
[0.520s] [34mcolcon.colcon_core.package_identification[0m [1;30mLevel 1[0m _identify(go_to_goal) by extensions ['colcon_pkg']
[0.520s] [34mcolcon.colcon_core.package_identification[0m [1;30mLevel 1[0m _identify(go_to_goal) by extension 'colcon_pkg'
[0.520s] [34mcolcon.colcon_core.package_identification[0m [1;30mLevel 1[0m _identify(go_to_goal) by extensions ['colcon_meta']
[0.520s] [34mcolcon.colcon_core.package_identification[0m [1;30mLevel 1[0m _identify(go_to_goal) by extension 'colcon_meta'
[0.520s] [34mcolcon.colcon_core.package_identification[0m [1;30mLevel 1[0m _identify(go_to_goal) by extensions ['ros']
[0.520s] [34mcolcon.colcon_core.package_identification[0m [1;30mLevel 1[0m _identify(go_to_goal) by extension 'ros'
[0.527s] [34mcolcon.colcon_core.package_identification[0m [1;30mDEBUG[0m [32mPackage 'go_to_goal' with type 'ros.ament_python' and name 'go_to_goal'[0m
[0.527s] [34mcolcon.colcon_core.package_identification[0m [1;30mLevel 1[0m _identify(install) by extensions ['ignore', 'ignore_ament_install']
[0.527s] [34mcolcon.colcon_core.package_identification[0m [1;30mLevel 1[0m _identify(install) by extension 'ignore'
[0.527s] [34mcolcon.colcon_core.package_identification[0m [1;30mLevel 1[0m _identify(install) ignored
[0.528s] [34mcolcon.colcon_core.package_identification[0m [1;30mLevel 1[0m _identify(log) by extensions ['ignore', 'ignore_ament_install']
[0.528s] [34mcolcon.colcon_core.package_identification[0m [1;30mLevel 1[0m _identify(log) by extension 'ignore'
[0.528s] [34mcolcon.colcon_core.package_identification[0m [1;30mLevel 1[0m _identify(log) ignored
[0.529s] [34mcolcon.colcon_core.package_identification[0m [1;30mLevel 1[0m _identify(scripts) by extensions ['ignore', 'ignore_ament_install']
[0.529s] [34mcolcon.colcon_core.package_identification[0m [1;30mLevel 1[0m _identify(scripts) by extension 'ignore'
[0.529s] [34mcolcon.colcon_core.package_identification[0m [1;30mLevel 1[0m _identify(scripts) by extension 'ignore_ament_install'
[0.529s] [34mcolcon.colcon_core.package_identification[0m [1;30mLevel 1[0m _identify(scripts) by extensions ['colcon_pkg']
[0.529s] [34mcolcon.colcon_core.package_identification[0m [1;30mLevel 1[0m _identify(scripts) by extension 'colcon_pkg'
[0.529s] [34mcolcon.colcon_core.package_identification[0m [1;30mLevel 1[0m _identify(scripts) by extensions ['colcon_meta']
[0.529s] [34mcolcon.colcon_core.package_identification[0m [1;30mLevel 1[0m _identify(scripts) by extension 'colcon_meta'
[0.529s] [34mcolcon.colcon_core.package_identification[0m [1;30mLevel 1[0m _identify(scripts) by extensions ['ros']
[0.530s] [34mcolcon.colcon_core.package_identification[0m [1;30mLevel 1[0m _identify(scripts) by extension 'ros'
[0.530s] [34mcolcon.colcon_core.package_identification[0m [1;30mLevel 1[0m _identify(scripts) by extensions ['cmake', 'python']
[0.530s] [34mcolcon.colcon_core.package_identification[0m [1;30mLevel 1[0m _identify(scripts) by extension 'cmake'
[0.530s] [34mcolcon.colcon_core.package_identification[0m [1;30mLevel 1[0m _identify(scripts) by extension 'python'
[0.530s] [34mcolcon.colcon_core.package_identification[0m [1;30mLevel 1[0m _identify(scripts) by extensions ['python_setup_py']
[0.530s] [34mcolcon.colcon_core.package_identification[0m [1;30mLevel 1[0m _identify(scripts) by extension 'python_setup_py'
[0.530s] [34mcolcon.colcon_core.package_discovery[0m [1;30mLevel 1[0m discover_packages(recursive) using defaults
[0.530s] [34mcolcon.colcon_core.package_discovery[0m [1;30mLevel 1[0m discover_packages(ignore) discover
[0.530s] [34mcolcon.colcon_core.package_discovery[0m [1;30mLevel 1[0m discover_packages(ignore) using defaults
[0.530s] [34mcolcon.colcon_core.package_discovery[0m [1;30mLevel 1[0m discover_packages(path) discover
[0.530s] [34mcolcon.colcon_core.package_discovery[0m [1;30mLevel 1[0m discover_packages(path) using defaults
[0.558s] [34mcolcon.colcon_core.verb[0m [1;30mLevel 5[0m set package 'go_to_goal' build argument 'cmake_args' from command line to 'None'
[0.558s] [34mcolcon.colcon_core.verb[0m [1;30mLevel 5[0m set package 'go_to_goal' build argument 'cmake_target' from command line to 'None'
[0.558s] [34mcolcon.colcon_core.verb[0m [1;30mLevel 5[0m set package 'go_to_goal' build argument 'cmake_target_skip_unavailable' from command line to 'False'
[0.558s] [34mcolcon.colcon_core.verb[0m [1;30mLevel 5[0m set package 'go_to_goal' build argument 'cmake_clean_cache' from command line to 'False'
[0.558s] [34mcolcon.colcon_core.verb[0m [1;30mLevel 5[0m set package 'go_to_goal' build argument 'cmake_clean_first' from command line to 'False'
[0.558s] [34mcolcon.colcon_core.verb[0m [1;30mLevel 5[0m set package 'go_to_goal' build argument 'cmake_force_configure' from command line to 'False'
[0.558s] [34mcolcon.colcon_core.verb[0m [1;30mLevel 5[0m set package 'go_to_goal' build argument 'ament_cmake_args' from command line to 'None'
[0.558s] [34mcolcon.colcon_core.verb[0m [1;30mLevel 5[0m set package 'go_to_goal' build argument 'catkin_cmake_args' from command line to 'None'
[0.558s] [34mcolcon.colcon_core.verb[0m [1;30mLevel 5[0m set package 'go_to_goal' build argument 'catkin_skip_building_tests' from command line to 'False'
[0.558s] [34mcolcon.colcon_core.verb[0m [1;30mDEBUG[0m [32mBuilding package 'go_to_goal' with the following arguments: {'ament_cmake_args': None, 'build_base': 'D:\\ros\\Turtle\\build\\go_to_goal', 'catkin_cmake_args': None, 'catkin_skip_building_tests': False, 'cmake_args': None, 'cmake_clean_cache': False, 'cmake_clean_first': False, 'cmake_force_configure': False, 'cmake_target': None, 'cmake_target_skip_unavailable': False, 'install_base': 'D:\\ros\\Turtle\\install\\go_to_goal', 'merge_install': False, 'path': 'D:\\ros\\Turtle\\go_to_goal', 'symlink_install': False, 'test_result_base': None}[0m
[0.558s] [34mcolcon.colcon_core.executor[0m [1;30mINFO[0m Executing jobs using 'parallel' executor
[0.561s] [34mcolcon.colcon_parallel_executor.executor.parallel[0m [1;30mDEBUG[0m [32mrun_until_complete[0m
[0.561s] [34mcolcon.colcon_ros.task.ament_python.build[0m [1;30mINFO[0m Building ROS package in 'D:\ros\Turtle\go_to_goal' with build type 'ament_python'
[0.561s] [34mcolcon.colcon_core.shell[0m [1;30mLevel 1[0m create_environment_hook('go_to_goal', 'ament_prefix_path')
[0.563s] [34mcolcon.colcon_core.plugin_system[0m [1;30mINFO[0m Skipping extension 'colcon_core.shell.sh': Not used on Windows systems
[0.563s] [34mcolcon.colcon_core.shell[0m [1;30mINFO[0m Creating environment hook 'D:\ros\Turtle\install\go_to_goal\share\go_to_goal\hook\ament_prefix_path.ps1'
[0.565s] [34mcolcon.colcon_core.shell[0m [1;30mINFO[0m Creating environment hook 'D:\ros\Turtle\install\go_to_goal\share\go_to_goal\hook\ament_prefix_path.bat'
[0.568s] [34mcolcon.colcon_core.shell[0m [1;30mINFO[0m Creating environment descriptor 'D:\ros\Turtle\install\go_to_goal\share\go_to_goal\hook\ament_prefix_path.dsv'
[0.575s] [34mcolcon.colcon_ros.prefix_path.ament[0m [1;30mWARNING[0m [33mThe path 'D:\ros\Turtle\install\turtlesim' in the environment variable AMENT_PREFIX_PATH doesn't exist[0m
[1.902s] [34mcolcon.colcon_core.task.python.build[0m [1;30mINFO[0m Building Python package in 'D:\ros\Turtle\go_to_goal'
[3.576s] [34mcolcon.colcon_core.event_handler.log_command[0m [1;30mDEBUG[0m [32mInvoking command in 'D:\ros\Turtle\go_to_goal': PIXI_PROMPT=(Turtle) PSModulePath=C:\Users\ammar\OneDrive\المستندات\WindowsPowerShell\Modules;C:\Program Files\WindowsPowerShell\Modules;C:\WINDOWS\system32\WindowsPowerShell\v1.0\Modules;C:\Program Files (x86)\Microsoft SQL Server\120\Tools\PowerShell\Modules\ PYTHONPATH=D:\ros\Turtle\build\go_to_goal\prefix_override;D:\ros\Turtle\.pixi\envs\default\Lib\site-packages\colcon_core\task\python\colcon_distutils_commands;D:\ros\Turtle\install\go_to_goal\Lib\site-packages;%PYTHONPATH% D:\ros\Turtle\.pixi\envs\default\python.exe -W ignore:setup.py install is deprecated -W ignore:easy_install command is deprecated setup.py egg_info --egg-base ..\build\go_to_goal build --build-base D:\ros\Turtle\build\go_to_goal\build install --record D:\ros\Turtle\build\go_to_goal\install.log --single-version-externally-managed install_data[0m
[4.516s] [34mcolcon.colcon_core.event_handler.log_command[0m [1;30mDEBUG[0m [32mInvoked command in 'D:\ros\Turtle\go_to_goal' returned '0': PIXI_PROMPT=(Turtle) PSModulePath=C:\Users\ammar\OneDrive\المستندات\WindowsPowerShell\Modules;C:\Program Files\WindowsPowerShell\Modules;C:\WINDOWS\system32\WindowsPowerShell\v1.0\Modules;C:\Program Files (x86)\Microsoft SQL Server\120\Tools\PowerShell\Modules\ PYTHONPATH=D:\ros\Turtle\build\go_to_goal\prefix_override;D:\ros\Turtle\.pixi\envs\default\Lib\site-packages\colcon_core\task\python\colcon_distutils_commands;D:\ros\Turtle\install\go_to_goal\Lib\site-packages;%PYTHONPATH% D:\ros\Turtle\.pixi\envs\default\python.exe -W ignore:setup.py install is deprecated -W ignore:easy_install command is deprecated setup.py egg_info --egg-base ..\build\go_to_goal build --build-base D:\ros\Turtle\build\go_to_goal\build install --record D:\ros\Turtle\build\go_to_goal\install.log --single-version-externally-managed install_data[0m
[4.516s] [34mcolcon.colcon_core.environment[0m [1;30mLevel 1[0m checking 'D:\ros\Turtle\install\go_to_goal' for CMake module files
[4.516s] [34mcolcon.colcon_core.environment[0m [1;30mLevel 1[0m checking 'D:\ros\Turtle\install\go_to_goal' for CMake config files
[4.516s] [34mcolcon.colcon_core.environment[0m [1;30mLevel 1[0m checking 'D:\ros\Turtle\install\go_to_goal\bin'
[4.516s] [34mcolcon.colcon_core.environment[0m [1;30mLevel 1[0m checking 'D:\ros\Turtle\install\go_to_goal\bin'
[4.529s] [34mcolcon.colcon_core.environment[0m [1;30mLevel 1[0m checking 'D:\ros\Turtle\install\go_to_goal\lib\pkgconfig\go_to_goal.pc'
[4.529s] [34mcolcon.colcon_core.environment[0m [1;30mLevel 1[0m checking 'D:\ros\Turtle\install\go_to_goal\Lib\site-packages'
[4.529s] [34mcolcon.colcon_core.shell[0m [1;30mLevel 1[0m create_environment_hook('go_to_goal', 'pythonpath')
[4.529s] [34mcolcon.colcon_core.shell[0m [1;30mINFO[0m Creating environment hook 'D:\ros\Turtle\install\go_to_goal\share\go_to_goal\hook\pythonpath.ps1'
[4.529s] [34mcolcon.colcon_core.shell[0m [1;30mINFO[0m Creating environment hook 'D:\ros\Turtle\install\go_to_goal\share\go_to_goal\hook\pythonpath.bat'
[4.529s] [34mcolcon.colcon_core.shell[0m [1;30mINFO[0m Creating environment descriptor 'D:\ros\Turtle\install\go_to_goal\share\go_to_goal\hook\pythonpath.dsv'
[4.531s] [34mcolcon.colcon_core.environment[0m [1;30mLevel 1[0m checking 'D:\ros\Turtle\install\go_to_goal\Scripts'
[4.532s] [34mcolcon.colcon_core.environment[0m [1;30mLevel 1[0m create_environment_scripts_only(go_to_goal)
[4.532s] [34mcolcon.colcon_core.shell[0m [1;30mINFO[0m Creating package script 'D:\ros\Turtle\install\go_to_goal\share\go_to_goal\package.ps1'
[4.533s] [34mcolcon.colcon_core.shell[0m [1;30mINFO[0m Creating package script 'D:\ros\Turtle\install\go_to_goal\share\go_to_goal\package.bat'
[4.535s] [34mcolcon.colcon_core.shell[0m [1;30mINFO[0m Creating package descriptor 'D:\ros\Turtle\install\go_to_goal\share\go_to_goal\package.dsv'
[4.535s] [34mcolcon.colcon_core.environment[0m [1;30mLevel 1[0m create_file_with_runtime_dependencies(D:\ros\Turtle\install\go_to_goal\share\colcon-core\packages\go_to_goal)
[4.535s] [34mcolcon.colcon_parallel_executor.executor.parallel[0m [1;30mDEBUG[0m [32mclosing loop[0m
[4.535s] [34mcolcon.colcon_parallel_executor.executor.parallel[0m [1;30mDEBUG[0m [32mloop closed[0m
[4.535s] [34mcolcon.colcon_parallel_executor.executor.parallel[0m [1;30mDEBUG[0m [32mrun_until_complete finished with '0'[0m
[4.535s] [34mcolcon.colcon_core.event_reactor[0m [1;30mDEBUG[0m [32mjoining thread[0m
[4.542s] [34mcolcon.colcon_core.plugin_system[0m [1;30mINFO[0m Skipping extension 'colcon_notification.desktop_notification.notify2': 'notify2' not found
[4.542s] [34mcolcon.colcon_core.plugin_system[0m [1;30mINFO[0m Skipping extension 'colcon_notification.desktop_notification.notify_send': Not used on non-Linux systems
[4.542s] [34mcolcon.colcon_core.plugin_system[0m [1;30mINFO[0m Skipping extension 'colcon_notification.desktop_notification.terminal_notifier': Not used on non-Darwin systems
[4.542s] [34mcolcon.colcon_notification.desktop_notification[0m [1;30mINFO[0m Sending desktop notification using 'win32'
[9.577s] [34mcolcon.colcon_core.event_reactor[0m [1;30mDEBUG[0m [32mjoined thread[0m
[9.579s] [34mcolcon.colcon_core.shell[0m [1;30mINFO[0m Creating prefix script 'D:\ros\Turtle\install\local_setup.ps1'
[9.579s] [34mcolcon.colcon_core.shell[0m [1;30mINFO[0m Creating prefix util module 'D:\ros\Turtle\install\_local_setup_util_ps1.py'
[9.587s] [34mcolcon.colcon_core.shell[0m [1;30mINFO[0m Creating prefix chain script 'D:\ros\Turtle\install\setup.ps1'
[9.596s] [34mcolcon.colcon_core.shell[0m [1;30mINFO[0m Creating prefix script 'D:\ros\Turtle\install\local_setup.bat'
[9.596s] [34mcolcon.colcon_core.shell[0m [1;30mINFO[0m Creating prefix util module 'D:\ros\Turtle\install\_local_setup_util_bat.py'
[9.596s] [34mcolcon.colcon_core.shell[0m [1;30mINFO[0m Creating prefix chain script 'D:\ros\Turtle\install\setup.bat'
