running egg_info
writing ..\build\go_to_goal\go_to_goal.egg-info\PKG-INFO
writing dependency_links to ..\build\go_to_goal\go_to_goal.egg-info\dependency_links.txt
writing entry points to ..\build\go_to_goal\go_to_goal.egg-info\entry_points.txt
writing requirements to ..\build\go_to_goal\go_to_goal.egg-info\requires.txt
writing top-level names to ..\build\go_to_goal\go_to_goal.egg-info\top_level.txt
reading manifest file '..\build\go_to_goal\go_to_goal.egg-info\SOURCES.txt'
writing manifest file '..\build\go_to_goal\go_to_goal.egg-info\SOURCES.txt'
running build
running build_py
running install
running install_lib
running install_data
copying resource\go_to_goal -> D:\ros\Turtle\install\go_to_goal\share\ament_index\resource_index\packages
copying package.xml -> D:\ros\Turtle\install\go_to_goal\share\go_to_goal
running install_egg_info
Copying ..\build\go_to_goal\go_to_goal.egg-info to D:\ros\Turtle\install\go_to_goal\Lib\site-packages\go_to_goal-0.0.0-py3.12.egg-info
running install_scripts
Installing move_node-script.py script to D:\ros\Turtle\install\go_to_goal\lib\turtlesim
Installing move_node.exe script to D:\ros\Turtle\install\go_to_goal\lib\turtlesim
writing list of installed files to 'D:\ros\Turtle\build\go_to_goal\install.log'
