running egg_info
creating ..\build\turtlesim\turtlesim.egg-info
writing ..\build\turtlesim\turtlesim.egg-info\PKG-INFO
writing dependency_links to ..\build\turtlesim\turtlesim.egg-info\dependency_links.txt
writing entry points to ..\build\turtlesim\turtlesim.egg-info\entry_points.txt
writing requirements to ..\build\turtlesim\turtlesim.egg-info\requires.txt
writing top-level names to ..\build\turtlesim\turtlesim.egg-info\top_level.txt
writing manifest file '..\build\turtlesim\turtlesim.egg-info\SOURCES.txt'
reading manifest file '..\build\turtlesim\turtlesim.egg-info\SOURCES.txt'
writing manifest file '..\build\turtlesim\turtlesim.egg-info\SOURCES.txt'
running build
running build_py
creating D:\ros\Turtle\build\turtlesim\build\lib\go_to_goal
copying go_to_goal\move.py -> D:\ros\Turtle\build\turtlesim\build\lib\go_to_goal
copying go_to_goal\__init__.py -> D:\ros\Turtle\build\turtlesim\build\lib\go_to_goal
running install
running install_lib
creating D:\ros\Turtle\install\turtlesim\Lib\site-packages\go_to_goal
copying D:\ros\Turtle\build\turtlesim\build\lib\go_to_goal\move.py -> D:\ros\Turtle\install\turtlesim\Lib\site-packages\go_to_goal
copying D:\ros\Turtle\build\turtlesim\build\lib\go_to_goal\__init__.py -> D:\ros\Turtle\install\turtlesim\Lib\site-packages\go_to_goal
byte-compiling D:\ros\Turtle\install\turtlesim\Lib\site-packages\go_to_goal\move.py to move.cpython-312.pyc
byte-compiling D:\ros\Turtle\install\turtlesim\Lib\site-packages\go_to_goal\__init__.py to __init__.cpython-312.pyc
running install_data
creating D:\ros\Turtle\install\turtlesim\share\ament_index\resource_index\packages
copying resource\turtlesim -> D:\ros\Turtle\install\turtlesim\share\ament_index\resource_index\packages
copying package.xml -> D:\ros\Turtle\install\turtlesim\share\turtlesim
running install_egg_info
Copying ..\build\turtlesim\turtlesim.egg-info to D:\ros\Turtle\install\turtlesim\Lib\site-packages\turtlesim-0.0.0-py3.12.egg-info
running install_scripts
Installing move_node-script.py script to D:\ros\Turtle\install\turtlesim\lib\turtlesim
Installing move_node.exe script to D:\ros\Turtle\install\turtlesim\lib\turtlesim
writing list of installed files to 'D:\ros\Turtle\build\turtlesim\install.log'
